TAP version 13
# Subtest: IV findings remediation — hydration
    # Subtest: M07 shell always renders deterministic bootstrap status markup
    ok 1 - M07 shell always renders deterministic bootstrap status markup
      ---
      duration_ms: 0.613643
      ...
    1..1
ok 1 - IV findings remediation — hydration
  ---
  duration_ms: 1.175639
  type: 'suite'
  ...
# Subtest: IV findings remediation — typography tokens
    # Subtest: nav toggles, favourites and section captions use ≥13px control token
    ok 1 - nav toggles, favourites and section captions use ≥13px control token
      ---
      duration_ms: 0.513157
      ...
    1..1
ok 2 - IV findings remediation — typography tokens
  ---
  duration_ms: 0.590825
  type: 'suite'
  ...
# Subtest: IV findings remediation — favourite contrast
    # Subtest: favourite active/hover colours use high-contrast champagne on navy
    ok 1 - favourite active/hover colours use high-contrast champagne on navy
      ---
      duration_ms: 0.348216
      ...
    1..1
ok 3 - IV findings remediation — favourite contrast
  ---
  duration_ms: 0.472721
  type: 'suite'
  ...
# Subtest: IV findings remediation — dark surfaces
    # Subtest: settings and action-inbox drop near-white hard-coded surfaces
    ok 1 - settings and action-inbox drop near-white hard-coded surfaces
      ---
      duration_ms: 0.762694
      ...
    1..1
ok 4 - IV findings remediation — dark surfaces
  ---
  duration_ms: 4.95738
  type: 'suite'
  ...
# Subtest: IV findings remediation — appearance persistence host
    # Subtest: theme tokens key off html.theme-dark and init script exists
    ok 1 - theme tokens key off html.theme-dark and init script exists
      ---
      duration_ms: 0.371144
      ...
    # Subtest: applyAppearance toggles html theme-dark and syncs body
    ok 2 - applyAppearance toggles html theme-dark and syncs body
      ---
      duration_ms: 0.150609
      ...
    1..2
ok 5 - IV findings remediation — appearance persistence host
  ---
  duration_ms: 1.560326
  type: 'suite'
  ...
# Subtest: Owner colour readability — semantic tokens
    # Subtest: defines one semantic theme layer and maps legacy variables
    ok 1 - defines one semantic theme layer and maps legacy variables
      ---
      duration_ms: 1.064154
      ...
    # Subtest: fixes active tabs, brand ribbon and badge teal surface tokens
    ok 2 - fixes active tabs, brand ribbon and badge teal surface tokens
      ---
      duration_ms: 0.514594
      ...
    # Subtest: enforces readable typography minima in tokens and globals
    ok 3 - enforces readable typography minima in tokens and globals
      ---
      duration_ms: 0.369465
      ...
    1..3
ok 6 - Owner colour readability — semantic tokens
  ---
  duration_ms: 6.765301
  type: 'suite'
  ...
# Subtest: Owner colour readability — hard-coded leak guards
    # Subtest: removes light-surface and slate hard-codes from owner inspection modules
    ok 1 - removes light-surface and slate hard-codes from owner inspection modules
      ---
      duration_ms: 0.506536
      ...
    1..1
ok 7 - Owner colour readability — hard-coded leak guards
  ---
  duration_ms: 0.639844
  type: 'suite'
  ...
1..7
# tests 10
# suites 7
# pass 10
# fail 0
# cancelled 0
# skipped 0
# todo 0
# duration_ms 369.141697
