TAP version 13
# Subtest: CP2.2 M06 platform published-timesheet publication
    # Subtest: A. Eligibility
        # Subtest: approved eligible record publishes to platform registry
        ok 1 - approved eligible record publishes to platform registry
          ---
          duration_ms: 19.904961
          ...
        # Subtest: draft is rejected for granted publication
        ok 2 - draft is rejected for granted publication
          ---
          duration_ms: 1.612682
          ...
        # Subtest: submitted/unapproved is rejected for granted publication
        ok 3 - submitted/unapproved is rejected for granted publication
          ---
          duration_ms: 2.015622
          ...
        # Subtest: rejected record is rejected for granted publication
        ok 4 - rejected record is rejected for granted publication
          ---
          duration_ms: 2.489885
          ...
        # Subtest: incomplete contract (missing legalEntityId) fails publication but approval remains
        ok 5 - incomplete contract (missing legalEntityId) fails publication but approval remains
          ---
          duration_ms: 3.005712
          ...
        # Subtest: unsupported contract version is rejected by platform (no silent coerce)
        ok 6 - unsupported contract version is rejected by platform (no silent coerce)
          ---
          duration_ms: 3.531566
          ...
        1..6
    ok 1 - A. Eligibility
      ---
      duration_ms: 33.271557
      type: 'suite'
      ...
    # Subtest: B. Mapping
        # Subtest: maps required fields with independent organisationId and legalEntityId
        ok 1 - maps required fields with independent organisationId and legalEntityId
          ---
          duration_ms: 4.64203
          ...
        # Subtest: rejects prohibited fields via platform validation path
        ok 2 - rejects prohibited fields via platform validation path
          ---
          duration_ms: 2.78053
          ...
        1..2
    ok 2 - B. Mapping
      ---
      duration_ms: 7.639039
      type: 'suite'
      ...
    # Subtest: C. Versioning
        # Subtest: first publication creates sourceVersion history; exact retry is idempotent
        ok 1 - first publication creates sourceVersion history; exact retry is idempotent
          ---
          duration_ms: 3.06076
          ...
        # Subtest: material revision creates new sourceVersion/hash; prior version remains
        ok 2 - material revision creates new sourceVersion/hash; prior version remains
          ---
          duration_ms: 6.280109
          ...
        # Subtest: approval-only reopen/revoke retains sourceVersion/hash
        ok 3 - approval-only reopen/revoke retains sourceVersion/hash
          ---
          duration_ms: 2.503353
          ...
        1..3
    ok 3 - C. Versioning
      ---
      duration_ms: 11.981221
      type: 'suite'
      ...
    # Subtest: D. Lifecycle
        # Subtest: granted, revoke, and restore publish correctly
        ok 1 - granted, revoke, and restore publish correctly
          ---
          duration_ms: 2.647161
          ...
        # Subtest: typed withdrawn/invalidated compatibility support (not operationally triggered)
        ok 2 - typed withdrawn/invalidated compatibility support (not operationally triggered)
          ---
          duration_ms: 2.031325
          ...
        # Subtest: stale approval revision cannot regress platform projection
        ok 3 - stale approval revision cannot regress platform projection
          ---
          duration_ms: 1.965764
          ...
        1..3
    ok 4 - D. Lifecycle
      ---
      duration_ms: 6.765377
      type: 'suite'
      ...
    # Subtest: E. Failure / retry
        # Subtest: failed publication remains retryable and survives reload semantics
        ok 1 - failed publication remains retryable and survives reload semantics
          ---
          duration_ms: 1.934124
          ...
        # Subtest: registry-success before local ack does not duplicate on retry
        ok 2 - registry-success before local ack does not duplicate on retry
          ---
          duration_ms: 3.320334
          ...
        # Subtest: interrupted publication recovers via rebuild; obligation not silently lost
        ok 3 - interrupted publication recovers via rebuild; obligation not silently lost
          ---
          duration_ms: 1.936193
          ...
        1..3
    ok 5 - E. Failure / retry
      ---
      duration_ms: 7.315939
      type: 'suite'
      ...
    # Subtest: F. Boundaries
        # Subtest: enforces tenant isolation and clinic membership rejection
        ok 1 - enforces tenant isolation and clinic membership rejection
          ---
          duration_ms: 3.561442
          ...
        # Subtest: no pulse.m07 write; BLOCKED-M07 cleared; no M07 import in publisher
        ok 2 - no pulse.m07 write; BLOCKED-M07 cleared; no M07 import in publisher
          ---
          duration_ms: 2.255148
          ...
        1..2
    ok 6 - F. Boundaries
      ---
      duration_ms: 5.909458
      type: 'suite'
      ...
    1..6
ok 1 - CP2.2 M06 platform published-timesheet publication
  ---
  duration_ms: 73.345792
  type: 'suite'
  ...
1..1
# tests 19
# suites 7
# pass 19
# fail 0
# cancelled 0
# skipped 0
# todo 0
# duration_ms 301.034705
