TAP version 13
# Subtest: CP2.1 published timesheet contract validation
    # Subtest: requires record identity, org/LE separation fields, versions, and event identity
    ok 1 - requires record identity, org/LE separation fields, versions, and event identity
      ---
      duration_ms: 0.91118
      ...
    # Subtest: accepts supported contract version and rejects unsupported/unknown
    ok 2 - accepts supported contract version and rejects unsupported/unknown
      ---
      duration_ms: 0.150401
      ...
    # Subtest: rejects prohibited banking/TFN/super fields
    ok 3 - rejects prohibited banking/TFN/super fields
      ---
      duration_ms: 0.158196
      ...
    # Subtest: validates clinic membership when checker provided
    ok 4 - validates clinic membership when checker provided
      ---
      duration_ms: 0.211069
      ...
    # Subtest: requires reasonCode for revoke/withdraw/invalidate lifecycle events
    ok 5 - requires reasonCode for revoke/withdraw/invalidate lifecycle events
      ---
      duration_ms: 0.188965
      ...
    1..5
ok 1 - CP2.1 published timesheet contract validation
  ---
  duration_ms: 2.252666
  type: 'suite'
  ...
# Subtest: CP2.1 canonical hashing
    # Subtest: produces identical hashes for logically equivalent payloads
    ok 1 - produces identical hashes for logically equivalent payloads
      ---
      duration_ms: 6.306844
      ...
    # Subtest: changes hash on material source change
    ok 2 - changes hash on material source change
      ---
      duration_ms: 0.657477
      ...
    # Subtest: does not include approval lifecycle metadata in hash boundary
    ok 3 - does not include approval lifecycle metadata in hash boundary
      ---
      duration_ms: 1.949365
      ...
    # Subtest: preserves business order for hour inputs but sorts set-like session ids
    ok 4 - preserves business order for hour inputs but sorts set-like session ids
      ---
      duration_ms: 4.989048
      ...
    # Subtest: treats omitted optional clinicId as distinct from present clinicId
    ok 5 - treats omitted optional clinicId as distinct from present clinicId
      ---
      duration_ms: 0.620206
      ...
    # Subtest: rejects NaN, Infinity, and invalid timestamps
    ok 6 - rejects NaN, Infinity, and invalid timestamps
      ---
      duration_ms: 0.453611
      ...
    # Subtest: rejects mismatched supplied contentHash
    ok 7 - rejects mismatched supplied contentHash
      ---
      duration_ms: 0.256164
      ...
    1..7
ok 2 - CP2.1 canonical hashing
  ---
  duration_ms: 15.580882
  type: 'suite'
  ...
# Subtest: CP2.1 published timesheet registry
    # Subtest: migrates additively and is idempotent
    ok 1 - migrates additively and is idempotent
      ---
      duration_ms: 0.974914
      ...
    # Subtest: resumes after partial migration (flag cleared, data present)
    ok 2 - resumes after partial migration (flag cleared, data present)
      ---
      duration_ms: 0.163959
      ...
    # Subtest: appends versions without overwrite and resolves exact history
    ok 3 - appends versions without overwrite and resolves exact history
      ---
      duration_ms: 5.382321
      ...
    # Subtest: enforces tenant/legal-entity isolation on lookups
    ok 4 - enforces tenant/legal-entity isolation on lookups
      ---
      duration_ms: 0.584299
      ...
    # Subtest: returns idempotent success on identical retry
    ok 5 - returns idempotent success on identical retry
      ---
      duration_ms: 0.729902
      ...
    # Subtest: rejects same version with different hash
    ok 6 - rejects same version with different hash
      ---
      duration_ms: 0.94305
      ...
    # Subtest: rejects reused eventId with different payload
    ok 7 - rejects reused eventId with different payload
      ---
      duration_ms: 0.863726
      ...
    # Subtest: rejects lower sourceVersion and stale approvalRevision
    ok 8 - rejects lower sourceVersion and stale approvalRevision
      ---
      duration_ms: 5.04451
      ...
    # Subtest: supports lifecycle-only revoke without changing content hash or overwriting version
    ok 9 - supports lifecycle-only revoke without changing content hash or overwriting version
      ---
      duration_ms: 0.54713
      ...
    # Subtest: rejects out-of-order eventSequence
    ok 10 - rejects out-of-order eventSequence
      ---
      duration_ms: 0.563132
      ...
    # Subtest: recovers current index after interrupted publication
    ok 11 - recovers current index after interrupted publication
      ---
      duration_ms: 4.786778
      ...
    # Subtest: rebuilds from history when current index is stale
    ok 12 - rebuilds from history when current index is stale
      ---
      duration_ms: 0.257031
      ...
    # Subtest: exposes intake identity without using idempotencyKey as business uniqueness
    ok 13 - exposes intake identity without using idempotencyKey as business uniqueness
      ---
      duration_ms: 0.222905
      ...
    # Subtest: replays events in sequence order
    ok 14 - replays events in sequence order
      ---
      duration_ms: 5.521797
      ...
    # Subtest: boundary: registry module has no M07 mutation API surface beyond publication/read
    ok 15 - boundary: registry module has no M07 mutation API surface beyond publication/read
      ---
      duration_ms: 20.800945
      ...
    1..15
ok 3 - CP2.1 published timesheet registry
  ---
  duration_ms: 47.881032
  type: 'suite'
  ...
1..3
# tests 27
# suites 3
# pass 27
# fail 0
# cancelled 0
# skipped 0
# todo 0
# duration_ms 360.76867
