TAP version 13
# Subtest: M07 PPA-1 core — prior-period adjustment foundation
    # Subtest: creates PPA against locked ordinary source; source unchanged; adjustment period linked
    ok 1 - creates PPA against locked ordinary source; source unchanged; adjustment period linked
      ---
      duration_ms: 24.172459
      ...
    # Subtest: rejects unlocked ordinary source pre-write
    ok 2 - rejects unlocked ordinary source pre-write
      ---
      duration_ms: 1.022023
      ...
    # Subtest: rejects missing / unknown source and adjustment-kind source
    ok 3 - rejects missing / unknown source and adjustment-kind source
      ---
      duration_ms: 5.393855
      ...
    # Subtest: rejects cross-LE caller widening and Org B access
    ok 4 - rejects cross-LE caller widening and Org B access
      ---
      duration_ms: 4.382113
      ...
    # Subtest: rejects missing reasonCode and blank reasonText pre-write
    ok 5 - rejects missing reasonCode and blank reasonText pre-write
      ---
      duration_ms: 5.098898
      ...
    # Subtest: enforces at most one open PPA per source; idempotent and conflicting replay
    ok 6 - enforces at most one open PPA per source; idempotent and conflicting replay
      ---
      duration_ms: 4.386202
      ...
    # Subtest: list/get are LE-scoped; missing adjust permission denied
    ok 7 - list/get are LE-scoped; missing adjust permission denied
      ---
      duration_ms: 3.964323
      ...
    # Subtest: cancels draft idempotently; rejects invalid cancel state
    ok 8 - cancels draft idempotently; rejects invalid cancel state
      ---
      duration_ms: 5.321003
      ...
    # Subtest: controlled unlock does not create a PPA case
    ok 9 - controlled unlock does not create a PPA case
      ---
      duration_ms: 7.2603
      ...
    # Subtest: rejects prohibited identifier fields on create input
    ok 10 - rejects prohibited identifier fields on create input
      ---
      duration_ms: 4.420693
      ...
    1..10
ok 1 - M07 PPA-1 core — prior-period adjustment foundation
  ---
  duration_ms: 66.466631
  type: 'suite'
  ...
1..1
# tests 10
# suites 1
# pass 10
# fail 0
# cancelled 0
# skipped 0
# todo 0
# duration_ms 306.684281
