▶ browser-crypto remediation: known hash vector
  ✔ preserves pre-captured canonical JSON and SHA-256 hex (13.1414ms)
  ✔ matches node:crypto createHash sha256 utf8 digest for known vector (4.5023ms)
  ✔ matches node:crypto for empty, ascii, and multi-byte UTF-8 strings (6.2912ms)
✔ browser-crypto remediation: known hash vector (34.1815ms)
▶ browser-crypto remediation: source boundary
  ✔ published-timesheet-hash.ts does not import node:crypto (2.5362ms)
  ✔ sha256-hex-utf8.ts is pure sync (no crypto module imports / Web Crypto) (4.5221ms)
  ✔ m06 client barrel does not re-export adapters (1.8087ms)
  ✔ m07 client barrel does not re-export adapters or services (6.721ms)
  ✔ ModuleWorkspace imports UI modules from client barrels only (2.5466ms)
✔ browser-crypto remediation: source boundary (20.8034ms)
ℹ tests 8
ℹ suites 2
ℹ pass 8
ℹ fail 0
ℹ cancelled 0
ℹ skipped 0
ℹ todo 0
ℹ duration_ms 2396.771

