
> healthcare-doctors-pulse@0.1.0 build
> next build

▲ Next.js 16.2.10 (Turbopack)

  Creating an optimized production build ...
✓ Compiled successfully in 11.7s
  Running TypeScript ...
  Finished TypeScript in 26.7s ...
  Collecting page data using 7 workers ...
  Generating static pages using 7 workers (0/70) ...
  Generating static pages using 7 workers (17/70) 
  Generating static pages using 7 workers (34/70) 
  Generating static pages using 7 workers (52/70) 
✓ Generating static pages using 7 workers (70/70) in 1063ms
  Finalizing page optimization ...

Route (app)
┌ ○ /
├ ○ /_not-found
├ ƒ /[module]
├ ● /[module]
│ └ /organisation
├ ƒ /api/auth/authorize
├ ƒ /api/auth/invitations
├ ƒ /api/auth/invitations/[id]/cancel
├ ƒ /api/auth/invitations/[id]/resend
├ ƒ /api/auth/invitations/accept
├ ƒ /api/auth/password-reset/confirm
├ ƒ /api/auth/password-reset/request
├ ○ /organisation
├ ○ /prototype
└ ○ /prototype-reference


○  (Static)   prerendered as static content
●  (SSG)      prerendered as static HTML (uses generateStaticParams)
ƒ  (Dynamic)  server-rendered on demand

