▶ browser-crypto remediation: known hash vector
  ✔ preserves pre-captured canonical JSON and SHA-256 hex (4.7382ms)
  ✔ matches node:crypto createHash sha256 utf8 digest for known vector (0.8544ms)
  ✔ matches node:crypto for empty, ascii, and multi-byte UTF-8 strings (1.6469ms)
✔ browser-crypto remediation: known hash vector (12.6995ms)
▶ browser-crypto remediation: source boundary
  ✔ published-timesheet-hash.ts does not import node:crypto (2.0809ms)
  ✔ sha256-hex-utf8.ts is pure sync (no crypto module imports / Web Crypto) (4.2399ms)
  ✔ m06 client barrel does not re-export adapters (4.149ms)
  ✔ m07 client barrel does not re-export adapters or services (2.1866ms)
  ✔ ModuleWorkspace imports UI modules from client barrels only (0.9606ms)
✔ browser-crypto remediation: source boundary (14.7151ms)
ℹ tests 8
ℹ suites 2
ℹ pass 8
ℹ fail 0
ℹ cancelled 0
ℹ skipped 0
ℹ todo 0
ℹ duration_ms 740.1201
