▶ CP2.1 published timesheet contract validation
  ✔ requires record identity, org/LE separation fields, versions, and event identity (1.6772ms)
  ✔ accepts supported contract version and rejects unsupported/unknown (0.2461ms)
  ✔ rejects prohibited banking/TFN/super fields (0.3011ms)
  ✔ validates clinic membership when checker provided (0.3929ms)
  ✔ requires reasonCode for revoke/withdraw/invalidate lifecycle events (2.1102ms)
✔ CP2.1 published timesheet contract validation (6.8647ms)
▶ CP2.1 canonical hashing
  ✔ produces identical hashes for logically equivalent payloads (3.4462ms)
  ✔ changes hash on material source change (1.2906ms)
  ✔ does not include approval lifecycle metadata in hash boundary (1.2172ms)
  ✔ preserves business order for hour inputs but sorts set-like session ids (1.1842ms)
  ✔ treats omitted optional clinicId as distinct from present clinicId (0.545ms)
  ✔ rejects NaN, Infinity, and invalid timestamps (0.9798ms)
  ✔ rejects mismatched supplied contentHash (0.3153ms)
✔ CP2.1 canonical hashing (9.6805ms)
▶ CP2.1 published timesheet registry
  ✔ migrates additively and is idempotent (3.7778ms)
  ✔ resumes after partial migration (flag cleared, data present) (3.1615ms)
  ✔ appends versions without overwrite and resolves exact history (4.1654ms)
  ✔ enforces tenant/legal-entity isolation on lookups (0.8425ms)
  ✔ returns idempotent success on identical retry (0.8019ms)
  ✔ rejects same version with different hash (0.709ms)
  ✔ rejects reused eventId with different payload (2.3245ms)
  ✔ rejects lower sourceVersion and stale approvalRevision (1.1936ms)
  ✔ supports lifecycle-only revoke without changing content hash or overwriting version (0.708ms)
  ✔ rejects out-of-order eventSequence (0.6262ms)
  ✔ recovers current index after interrupted publication (0.6398ms)
  ✔ rebuilds from history when current index is stale (0.5626ms)
  ✔ exposes intake identity without using idempotencyKey as business uniqueness (1.6966ms)
  ✔ replays events in sequence order (2.4554ms)
  ✔ boundary: registry module has no M07 mutation API surface beyond publication/read (6.6789ms)
✔ CP2.1 published timesheet registry (31.8501ms)
ℹ tests 27
ℹ suites 3
ℹ pass 27
ℹ fail 0
ℹ cancelled 0
ℹ skipped 0
ℹ todo 0
ℹ duration_ms 592.4454
