▶ M07 PPA-1 UI (isolated · pending integration)
  ✔ labels lane as isolated UI pending integration (24.2031ms)
  ✔ register renders rows with status, source, adjustment period, LE, reason, created actor (6.5479ms)
  ✔ register empty state offers create CTA (1.4948ms)
  ✔ validates mandatory reason code and text; allows optional evidence (2.6937ms)
  ✔ create form shows unlock≠PPA warning, labelled fields, and disables while submitting (11.3378ms)
  ✔ surfaces create error and denied state via props (3.4417ms)
  ✔ detail shows pins and cancel only for draft (18.4219ms)
  ✔ exposes no calculation, approval, export, or payment controls (15.8556ms)
  ✔ keyboard/a11y: labelled controls, status/error roles, focus and reduced-motion shell (11.0277ms)
  ✔ integration lane wires section-meta available and shell ConnectedAdjustmentsSection (2.5205ms)
✔ M07 PPA-1 UI (isolated · pending integration) (100.5097ms)
ℹ tests 10
ℹ suites 1
ℹ pass 10
ℹ fail 0
ℹ cancelled 0
ℹ skipped 0
ℹ todo 0
ℹ duration_ms 1665.4806
