
> healthcare-doctors-pulse@0.1.0 test:m06
> tsx --test "src/modules/m06-time-attendance/tests/**/*.test.ts"

▶ m06 adapters
  ✔ m04 person read source is platform demo (397.5015ms)
  ✔ m05 shift read does not import m05 repository (4.2946ms)
  ✔ m01 aggregates only (12.3541ms)
  ✔ m02 lifecycle write (7.8997ms)
  ✔ m07 bridge cleared (1.7858ms)
✔ m06 adapters (426.7329ms)
▶ m06 authz
  ✔ positive: worker can clock self (96.3273ms)
  ✔ negative: worker denied approve permission (1.9613ms)
  ✔ cross-clinic denial (6.928ms)
  ✔ self vs team boundary (8.0319ms)
  ✔ export bypass prevention requires clinic scope (1.8714ms)
  ✔ evidence masking without evidence.view (9.5327ms)
  ✔ mapDemoIdentityPermissions worker vs full senior (1.1033ms)
✔ m06 authz (128.8507ms)
▶ m06 bulk
  ✔ bulk preview and partial success (129.9744ms)
✔ m06 bulk (132.2407ms)
▶ m06 domain / lifecycle
  ✔ session open → on_break → open → closed (98.717ms)
  ✔ concurrent conflict on stale version (5.7968ms)
  ✔ invalid transition cancelled is terminal (12.4499ms)
  ✔ override requires reason (4.6976ms)
  ✔ missed break records exception path (12.9377ms)
✔ m06 domain / lifecycle (138.0414ms)
▶ m06 migration
  ✔ MIG-01 idempotent seed insert-if-missing (16.2497ms)
  ✔ MIG-02 interrupted recovery via repeat migrations (0.6796ms)
  ✔ MIG-03 seed rollback only + no m07 (3.4565ms)
✔ m06 migration (23.2533ms)
▶ OD-A2 PublishFromOutboxResult narrowing
  ✔ success: published path acknowledges and does not write lastError (120.4255ms)
  ✔ success: re-process of published item stays idempotent (not failed) (16.8689ms)
  ✔ rejected: eligibility failure preserves exact code and message in lastError (15.8128ms)
  ✔ rejected: clinic membership failure preserves CLINIC_MEMBERSHIP code/message (19.6147ms)
  ✔ retryable failure: attemptCount increments; identity preserved on retry after fixable state (25.357ms)
  ✔ terminal: exhausted attempts skip without treating as success (9.3332ms)
  ✔ publisher union: rejected arm has code/message; success arms do not (31.6026ms)
  ✔ source still uses rejected discriminant for failure path (no published||idempotent else-access) (2.8045ms)
✔ OD-A2 PublishFromOutboxResult narrowing (254.5932ms)
▶ m06 offline
  ✔ idempotent enqueue by clientEventId (11.3024ms)
  ✔ ordered sync applies then conflicts resolve (104.0857ms)
✔ m06 offline (118.5999ms)
▶ m06 performance
  ✔ records §16 prototype performance rows (4094.9872ms)
✔ m06 performance (4096.9707ms)
▶ m06 privacy
  ✔ masks sensitive evidence without attendance.evidence.view (66.4926ms)
  ✔ audit view restricted for manager without audit.view (1.423ms)
  ✔ senior can export unmasked evidence (4.0336ms)
✔ m06 privacy (74.2874ms)
▶ CP2.2 M06 platform published-timesheet publication
  ▶ A. Eligibility
    ✔ approved eligible record publishes to platform registry (89.4378ms)
    ✔ draft is rejected for granted publication (12.9156ms)
    ✔ submitted/unapproved is rejected for granted publication (7.3738ms)
    ✔ rejected record is rejected for granted publication (14.5848ms)
    ✔ incomplete contract (missing legalEntityId) fails publication but approval remains (33.4718ms)
    ✔ unsupported contract version is rejected by platform (no silent coerce) (17.045ms)
  ✔ A. Eligibility (177.2061ms)
  ▶ B. Mapping
    ✔ maps required fields with independent organisationId and legalEntityId (13.4116ms)
    ✔ rejects prohibited fields via platform validation path (14.2521ms)
  ✔ B. Mapping (28.057ms)
  ▶ C. Versioning
    ✔ first publication creates sourceVersion history; exact retry is idempotent (6.6885ms)
    ✔ material revision creates new sourceVersion/hash; prior version remains (21.0442ms)
    ✔ approval-only reopen/revoke retains sourceVersion/hash (11.0268ms)
  ✔ C. Versioning (39.2305ms)
  ▶ D. Lifecycle
    ✔ granted, revoke, and restore publish correctly (13.5262ms)
    ✔ typed withdrawn/invalidated compatibility support (not operationally triggered) (5.5022ms)
    ✔ stale approval revision cannot regress platform projection (12.9797ms)
  ✔ D. Lifecycle (32.4378ms)
  ▶ E. Failure / retry
    ✔ failed publication remains retryable and survives reload semantics (10.7804ms)
    ✔ registry-success before local ack does not duplicate on retry (4.3808ms)
    ✔ interrupted publication recovers via rebuild; obligation not silently lost (6.7625ms)
  ✔ E. Failure / retry (22.4433ms)
  ▶ F. Boundaries
    ✔ enforces tenant isolation and clinic membership rejection (12.1804ms)
    ✔ no pulse.m07 write; BLOCKED-M07 cleared; no M07 import in publisher (12.1809ms)
  ✔ F. Boundaries (24.6688ms)
✔ CP2.2 M06 platform published-timesheet publication (327.4906ms)
▶ m06 timezone / DST
  ✔ TZ-01: Brisbane cross-midnight civil dates differ (57.3455ms)
  ✔ TZ-02: clinic calendar date differs from UTC (4.4431ms)
  ✔ TZ-03: DST spring-forward gap unresolved (3.1563ms)
  ✔ TZ-04: fall-back fold=0 earlier (2.2936ms)
  ✔ TZ-05: fall-back fold=1 later (6.5652ms)
  ✔ TZ-06: device skew recorded (1.9375ms)
  ✔ TZ-07: stale timezone unresolved (0.9206ms)
  ✔ TZ-08: invalid clinic timezone unresolved — no silent UTC (0.4857ms)
✔ m06 timezone / DST (79.7336ms)
▶ m06 ux-state contracts
  ✔ UX concurrent conflict carries version metadata (2.0717ms)
  ✔ UX validation lifecycle encodes from/to (0.6923ms)
  ✔ UX override reason required (0.4797ms)
  ✔ errors are instanceof Error for SystemErrorState (0.4023ms)
✔ m06 ux-state contracts (7.8716ms)
▶ m06 workflows independent evidence
  ✔ WF-01 rostered employee clock-in (49.4359ms)
  ✔ WF-02 unrostered clock-in (6.5787ms)
  ✔ WF-03 early clock-in (7.967ms)
  ✔ WF-04 late arrival (4.0403ms)
  ✔ WF-05 missed clock-in (2.2588ms)
  ✔ WF-06 break start (13.7121ms)
  ✔ WF-07 break end (5.3577ms)
  ✔ WF-08 missed break (7.5866ms)
  ✔ WF-09 normal clock-out (7.5849ms)
  ✔ WF-10 early departure (10.7424ms)
  ✔ WF-11 missed clock-out (2.8831ms)
  ✔ WF-12 cross-midnight attendance (4.3755ms)
  ✔ WF-13 offline capture and synchronization (10.9993ms)
  ✔ WF-14 employee correction request (9.4493ms)
  ✔ WF-15 manager correction (10.9874ms)
  ▶ WF-16 correction approval rejection and approved application
    ✔ approve applies correction once (17.5711ms)
    ✔ reject leaves correction rejected and not applied (8.509ms)
    ✔ stale version is rejected (3.7939ms)
  ✔ WF-16 correction approval rejection and approved application (31.1314ms)
  ✔ WF-17 reopened timesheet (10.36ms)
  ✔ WF-18 exception escalation (2.0074ms)
  ✔ WF-19A approved TimesheetRef publication (5.4845ms)
  ✔ WF-19B M07 acknowledgement boundary does not write pulse.m07 (0.4529ms)
  ✔ WF-20 roster-versus-attendance reconciliation (9.3927ms)
  ✔ WF-21 bulk approval with partial success (20.1544ms)
✔ m06 workflows independent evidence (238.5672ms)
ℹ tests 91
ℹ suites 19
ℹ pass 91
ℹ fail 0
ℹ cancelled 0
ℹ skipped 0
ℹ todo 0
ℹ duration_ms 9351.4258
