
> healthcare-doctors-pulse@0.1.0 test:m05
> tsx --test "src/modules/m05-roster/tests/**/*.test.ts"

▶ m05 adapters
  ✔ M02-LG-01 coverage-gap: create → dedupe → update → close → stale replay blocked (30.6848ms)
  ✔ M02-LG-02 unacked-publication: create → dedupe → close on `full` ack → stale replay blocked (78.59ms)
  ✔ M02-LG-03 swap-action: create → dedupe → close on terminal state → stale replay blocked (4.6601ms)
  ✔ M02-LG-04 open-shift-escalation: create → dedupe → close on `closed` status → stale replay blocked (9.0675ms)
  ✔ M02-LG-05 assignment-invalidated: create → dedupe; non-invalidated state does not create a row (9.0117ms)
  ✔ M01: getRosterCounts returns aggregate operational counts only (no person-sensitive dumps) (5.6014ms)
  ✔ M01 clinic-scoped counts filter to a single clinic (4.6433ms)
  ✔ M10 (workflow #12): transferOpeningClosingDuties is BLOCKED with reason and evidence code — not silent pass (2.6292ms)
✔ m05 adapters (148.1367ms)
▶ m05 authz
  ✔ PERM-POS-01: coordinator can create a shift in their own clinic (85.11ms)
  ✔ PERM-NEG-01: worker cannot publish a period (missing roster.publish) (5.8469ms)
  ✔ PERM-NEG-02: cross-clinic assign is denied (clinic scope) (8.977ms)
  ✔ PERM-POS-02: bulk partial success — in-scope succeed, out-of-scope skip (15.6747ms)
  ✔ PERM-NEG-03: finance viewer cannot mutate assignments (10.5454ms)
  ✔ PRIV-01: cost forecast rates masked without roster.cost.view (7.379ms)
  ✔ PRIV-02: export cannot bypass clinic scope, and empty-scope actor is denied (26.299ms)
  ✔ PERM-OV-01: override without reason denied; with reason + roster.override allowed (12.2279ms)
  ✔ assign without any permission throws M05PermissionError (9.2289ms)
  ✔ mapDemoIdentityPermissions honours workforce roles (2.3736ms)
✔ m05 authz (187.1455ms)
▶ m05 bulk
  ✔ BULK-01: preview reports totals, in-scope, out-of-scope, duplicates, notification cap (98.1492ms)
  ✔ BULK-02 + BULK-04: partial success — in-scope succeed, out-of-scope skip (35.7423ms)
  ✔ BULK-03: retry idempotency — same idempotencyKey submitted twice does not create duplicates (24.8439ms)
  ✔ BULK-05: notification cap — succeeded > cap ⇒ notificationsSuppressed > 0 (36.5551ms)
  ✔ bulk requires roster.bulk permission (1.5764ms)
  ✔ bulk failure inside try/catch is captured in `failed` (partial-success guarantee) (0.9483ms)
✔ m05 bulk (201.1938ms)
▶ m05 conflict policy
  ✔ policy publish archives prior published version — only one active per org (8.6969ms)
  ✔ overlap is a BLOCK severity finding with explainable rule id + version (99.0984ms)
  ✔ min_break is a WARN finding when gap between shifts < 8h (13.2836ms)
  ✔ max_daily_hours warns above the daily cap (default 12h) (12.745ms)
  ✔ consecutive_days warns above the streak cap (default 6) (58.6157ms)
  ✔ approved_leave_clash is a BLOCK finding using the M04 leave cache setter (9.5144ms)
  ✔ no conflicts when candidate is well-separated + no leave clash (4.3088ms)
  ✔ evaluateConflicts returns [] when no active policy exists (9.9768ms)
✔ m05 conflict policy (219.3367ms)
▶ m05 cost + privacy
  ✔ PRIV-01: maskForecastForActor zeroes rate/cost totals without roster.cost.view (142.2227ms)
  ✔ PRIV-01: listCostForecastsForActor masks results at the service layer (18.4353ms)
  ✔ PRIV-02: exportShiftAssignmentsCsv is clinic-scoped and does NOT include cost columns without roster.cost.view (14.4476ms)
  ✔ PRIV-02: finance viewer WITH cost.view can request cost columns in export (35.1311ms)
  ✔ PRIV-02: empty clinic-scope actor sees zero rows on export/report (21.6828ms)
  ✔ buildScopedReport respects scope.clinicIds filter (15.5327ms)
  ✔ cost forecast body always carries planningOnly: true (never payroll truth) (17.1321ms)
✔ m05 cost + privacy (267.68ms)
▶ m05 domain
  ✔ period lifecycle: draft→under_review→ready_to_publish→published (no partially_acknowledged period state) (116.0039ms)
  ✔ period version mismatch throws ConcurrentConflictError (4.9176ms)
  ✔ period cancel requires reason (1.7722ms)
  ✔ shift lifecycle valid + invalid transitions (15.6973ms)
  ✔ assignment history is append-only; replacing a worker preserves prior state as replaced (24.1016ms)
  ✔ assignment cancel + invalidate append audit and do not rewrite prior append-only rows (18.1403ms)
  ✔ publication body is immutable; supersede requires a new publication (28.5563ms)
  ✔ acknowledgement is a DERIVED publication status (none|partial|full); period stays `published` (27.2332ms)
  ✔ ack on superseded publication is rejected (14.3911ms)
  ✔ publish denied when period lifecycle is `superseded`/`cancelled`/`archived` (5.0782ms)
  ✔ recomputePublicationAckStatus is a no-op on missing publication (0.8562ms)
  ✔ permission code inventory covers §17 codes (0.8296ms)
✔ m05 domain (263.025ms)
▶ m05 eligibility
  ✔ authority is always `m04-platform`, and eligible when readiness=ready + no blockers (101.7786ms)
  ✔ hard-block when M04 returns a blocking readiness blocker (2.1313ms)
  ✔ warning when readiness=advisory (never blocking) — assignment permitted (2.3262ms)
  ✔ stale readiness is NEVER overridable (§7 rule) (2.0052ms)
  ✔ unresolved clinic timezone is NEVER overridable — no silent UTC (§4/§7) (2.2357ms)
  ✔ unknown_person (no readiness lookup available) is never overridable (3.3437ms)
  ✔ approved-leave clash blocks assignment (populated via setApprovedLeaveForTests) (7.9939ms)
  ✔ authorised override with reason lets a hard-blocked assignment through (assignPerson requires roster.override) (18.8233ms)
  ✔ actor missing roster.override cannot override a hard-block even with reason (5.0745ms)
  ✔ stale readiness cannot be overridden by assignPerson (9.4812ms)
✔ m05 eligibility (164.1645ms)
▶ m05 migration + seed
  ✔ initial migration + seed initialises all M05 collections and marks flags (6.56ms)
  ✔ MIG-01: repeat-run is idempotent — no duplicate seed rows on re-run (4.2091ms)
  ✔ seed never overwrites existing non-seed rows (4.9702ms)
  ✔ MIG-02: interrupted-run recovery — clearing the flag replays seed once (1.0213ms)
  ✔ MIG-03: NO M06 / M07 / M22 record keys are ever created by M05 migrations/seed (1.7221ms)
  ✔ seed-only rollback removes only seed-tagged rows + clears seed flags (1.481ms)
  ✔ preserves Wave 2 (m04.*) and Wave 3 (m11.*) stores — no writes into those keys (5.8568ms)
  ✔ M05 storage key inventory matches the planned pulse.m05.roster.* register (1.2487ms)
✔ m05 migration + seed (31.2347ms)
▶ m05 wave4 performance
  ✔ initial roster-board load simulation ≤2500ms max (1082.4922ms)
  ✔ board filtering 200+ rows ≤300ms p95 (1.3875ms)
  ✔ eligibility lookup single ≤100ms typical (3.364ms)
  ✔ conflict recalculation 150+ assignments ≤2000ms max (1.0345ms)
  ✔ coverage calculation ≤500ms p95 (13.7387ms)
  ✔ publication preview ≤2000ms max and submission ≤3000ms max (414.8091ms)
  ✔ open-shift acceptance ≤400ms max (14.1133ms)
  ✔ swap approval ≤500ms max (31.007ms)
  ✔ bulk preview ≤500 ops ≤2000ms and submission ≤500 ops ≤5000ms (2380.9308ms)
  ✔ M02 projection single ≤50ms typical (79.5058ms)
  ✔ reports build ≤3000ms max (7.8965ms)
  ✔ scoped export ≤3000ms max (15.2879ms)
  ✔ writes wave4 M05 performance evidence json (3.3397ms)
✔ m05 wave4 performance (4057.9387ms)
▶ m05 publication + acknowledgement
  ✔ preview lists required acknowledgers + eligibility warnings vs blockers (79.7157ms)
  ✔ publish denied without emergency override when preview has blockers (14.9295ms)
  ✔ immutable snapshot cannot be re-appended; supersede creates a new publication (11.2513ms)
  ✔ stale expected period version rejected with ConcurrentConflictError (8.0216ms)
  ✔ acknowledge against a superseded publication is rejected (stale-replay guard) (13.5142ms)
  ✔ acknowledge with wrong publicationVersion is rejected (5.8247ms)
  ✔ acknowledge by person NOT in required set is rejected (13.8549ms)
  ✔ period lifecycle stays `published` through all ack states; ack status is derived (14.6482ms)
  ✔ preview eligibility recalculates each assigned shift with clinic timezone (5.5868ms)
✔ m05 publication + acknowledgement (169.9724ms)
▶ m05 swap + open-shift
  ✔ swap: request → propose → recipient_accept → approve creates a new assignment (92.1411ms)
  ✔ swap approve: self-approval is denied (7.5862ms)
  ✔ swap approve: stale swap version throws ConcurrentConflictError (14.137ms)
  ✔ swap approve: stale shift version throws ConcurrentConflictError (12.0154ms)
  ✔ swap reject and withdraw terminate the swap (12.7984ms)
  ✔ open shift: offer → accept (audience person) → select (version-checked) (9.809ms)
  ✔ open shift: withdraw closes the row and rejects double-fill via version check (7.3512ms)
✔ m05 swap + open-shift (164.802ms)
▶ m05 timezone / DST
  ✔ TZ-01: cross-midnight shift keeps localEnd date > localStart date and computes UTC correctly (76.7066ms)
  ✔ TZ-02: clinic-calendar date differs from UTC for the same instant (Pacific/Auckland) (3.9158ms)
  ✔ TZ-03: DST spring-forward gap → unresolved with reason `dst-gap` (5.6466ms)
  ✔ TZ-04: DST fall-back repeated hour stored with fold (default fold=0 → earlier) (7.6689ms)
  ✔ TZ-05: explicit fold=1 selects the LATER occurrence of the repeated local hour (10.0771ms)
  ✔ TZ-06: two clinics in different IANA TZs produce different UTC instants for the same wall time (13.3731ms)
  ✔ TZ-07: same asOf produces deterministic resolved window (19.2114ms)
  ✔ TZ-08: invalid / unavailable timezone → explainable unresolved; NO silent UTC (0.4784ms)
  ✔ invalid local time format → `invalid-local-time` reason (defensive) (3.8873ms)
  ✔ end must fall after start in same TZ (not end-before-start) (4.763ms)
✔ m05 timezone / DST (149.9267ms)
▶ m05 ux-state contract
  ✔ UX-08: ConcurrentConflictError carries version/target metadata for retry UI (2.7578ms)
  ✔ UX-05: OverrideReasonRequiredError has a stable name and default message (0.6597ms)
  ✔ UX-05: InvalidLifecycleTransitionError encodes from/to for validation UI (0.6938ms)
  ✔ UX-06 / immutable publication guard raises a distinct error (0.6207ms)
  ✔ §25: eight UX state identifiers are covered by the plan vocabulary (0.7998ms)
  ✔ LoadingState prerequisite: ensureM05Bootstrapped returns null when window is unavailable (0.5334ms)
  ✔ OfflineState retry: ensureM05Bootstrapped is idempotent once storage is available (6.8717ms)
  ✔ errors thrown by services are `instanceof Error` — enables `SystemErrorState` fallback (0.734ms)
  ✔ `ConcurrentConflictError.message` is human-readable (used verbatim in `ConcurrentConflictState`) (0.8604ms)
✔ m05 ux-state contract (17.0966ms)
ℹ tests 117
ℹ suites 13
ℹ pass 117
ℹ fail 0
ℹ cancelled 0
ℹ skipped 0
ℹ todo 0
ℹ duration_ms 10100.6135
