▲ Next.js 16.2.10 (webpack)
- Local:         http://localhost:3465
- Network:       http://192.168.30.129:3465
✓ Ready in 1122ms

○ Compiling /[module] ...
 GET /dashboard 200 in 3.4s (next.js: 2.1s, generate-params: 2.1s, application-code: 1345ms)
○ Compiling /_error ...
 GET /staffpay?section=adjustments 500 in 17.4s (next.js: 14.4s, generate-params: 78ms, application-code: 3.0s)
 GET /staffpay?section=adjustments 200 in 2.6s (next.js: 446ms, generate-params: 18ms, application-code: 2.2s)
 GET /staffpay?section=adjustments 200 in 381ms (next.js: 22ms, generate-params: 17ms, application-code: 359ms)
 GET /staff-pay 404 in 1045ms (next.js: 30ms, generate-params: 18ms, application-code: 1014ms)
 GET /m07 404 in 737ms (next.js: 65ms, generate-params: 31ms, application-code: 672ms)
 GET /dashboard 200 in 1415ms (next.js: 19ms, generate-params: 169µs, application-code: 1396ms)
 GET /dashboard 200 in 247ms (next.js: 72ms, generate-params: 25ms, application-code: 175ms)
 GET /staff-doctors 200 in 601ms (next.js: 16ms, generate-params: 139µs, application-code: 585ms)
 GET /dashboard 200 in 6.2s (next.js: 58ms, generate-params: 37ms, application-code: 6.1s)
 GET /dashboard 200 in 1092ms (next.js: 24ms, generate-params: 16ms, application-code: 1067ms)
 GET /dashboard 200 in 1433ms (next.js: 32ms, generate-params: 24ms, application-code: 1401ms)
 GET /action-inbox 200 in 228ms (next.js: 20ms, generate-params: 16ms, application-code: 207ms)
 GET /action-inbox 200 in 411ms (next.js: 26ms, generate-params: 19ms, application-code: 385ms)
 GET /action-inbox 200 in 369ms (next.js: 9ms, generate-params: 82µs, application-code: 359ms)
 GET /settings 200 in 355ms (next.js: 26ms, generate-params: 17ms, application-code: 329ms)
 GET /settings 200 in 219ms (next.js: 8ms, generate-params: 62µs, application-code: 211ms)
 GET /settings 200 in 487ms (next.js: 19ms, generate-params: 7ms, application-code: 468ms)
 GET /settings 200 in 428ms (next.js: 30ms, generate-params: 18ms, application-code: 399ms)
 GET /staff-doctors 200 in 365ms (next.js: 7ms, generate-params: 63µs, application-code: 358ms)
 GET /staff-doctors 200 in 358ms (next.js: 32ms, generate-params: 21ms, application-code: 326ms)
 GET /staff-doctors 200 in 296ms (next.js: 14ms, generate-params: 76µs, application-code: 282ms)
 GET /staff-doctors?section=people 200 in 400ms (next.js: 21ms, generate-params: 15ms, application-code: 379ms)
 GET /staff-doctors?section=people 200 in 395ms (next.js: 10ms, generate-params: 77µs, application-code: 385ms)
 GET /staff-doctors?section=people 200 in 1044ms (next.js: 27ms, generate-params: 16ms, application-code: 1018ms)
 GET /staff-doctors?section=credentials 200 in 564ms (next.js: 16ms, generate-params: 66µs, application-code: 549ms)
 GET /staff-doctors?section=credentials 200 in 313ms (next.js: 24ms, generate-params: 16ms, application-code: 289ms)
 GET /staff-doctors?section=credentials 200 in 934ms (next.js: 47ms, generate-params: 82µs, application-code: 886ms)
 GET /staff-doctors?section=credentials 200 in 723ms (next.js: 7ms, generate-params: 57µs, application-code: 716ms)
 GET /roster 200 in 338ms (next.js: 24ms, generate-params: 16ms, application-code: 313ms)
 GET /roster 200 in 831ms (next.js: 24ms, generate-params: 79µs, application-code: 808ms)
 GET /roster 200 in 732ms (next.js: 22ms, generate-params: 95µs, application-code: 710ms)
 GET /roster 200 in 423ms (next.js: 31ms, generate-params: 19ms, application-code: 392ms)
 GET /roster?section=coverage 200 in 968ms (next.js: 89ms, generate-params: 82ms, application-code: 879ms)
 GET /roster?section=coverage 200 in 445ms (next.js: 11ms, generate-params: 58µs, application-code: 435ms)
 GET /roster?section=coverage 200 in 273ms (next.js: 19ms, generate-params: 12ms, application-code: 254ms)
 GET /roster?section=open-shifts 200 in 822ms (next.js: 8ms, generate-params: 47µs, application-code: 814ms)
○ Compiling /_error ...
 GET /roster?section=open-shifts 200 in 735ms (next.js: 407ms, generate-params: 14ms, application-code: 328ms)
 GET /roster?section=open-shifts 500 in 6.2s (next.js: 5.9s, generate-params: 17ms, application-code: 292ms)
 GET /roster?section=open-shifts 200 in 2.7s (next.js: 446ms, generate-params: 25ms, application-code: 2.2s)
 GET /time-attendance 200 in 1025ms (next.js: 27ms, generate-params: 17ms, application-code: 999ms)
 GET /time-attendance 200 in 454ms (next.js: 47ms, generate-params: 32ms, application-code: 407ms)
 GET /time-attendance 200 in 531ms (next.js: 9ms, generate-params: 72µs, application-code: 523ms)
 GET /time-attendance?section=timesheets 200 in 494ms (next.js: 32ms, generate-params: 20ms, application-code: 462ms)
 GET /time-attendance?section=timesheets 200 in 384ms (next.js: 54ms, generate-params: 37ms, application-code: 330ms)
 GET /time-attendance?section=timesheets 200 in 254ms (next.js: 6ms, generate-params: 44µs, application-code: 249ms)
 GET /time-attendance?section=approvals 200 in 595ms (next.js: 29ms, generate-params: 18ms, application-code: 565ms)
 GET /time-attendance?section=approvals 200 in 374ms (next.js: 12ms, generate-params: 47µs, application-code: 362ms)
 GET /time-attendance?section=approvals 200 in 367ms (next.js: 28ms, generate-params: 17ms, application-code: 339ms)
 GET /time-attendance?section=approvals 200 in 237ms (next.js: 10ms, generate-params: 60µs, application-code: 228ms)
 GET /staffpay?section=overview 200 in 580ms (next.js: 13ms, generate-params: 92µs, application-code: 567ms)
 GET /staffpay?section=overview 200 in 304ms (next.js: 22ms, generate-params: 15ms, application-code: 282ms)
 GET /staffpay?section=overview 200 in 448ms (next.js: 12ms, generate-params: 93µs, application-code: 436ms)
 GET /staffpay?section=people 200 in 498ms (next.js: 22ms, generate-params: 15ms, application-code: 477ms)
 GET /staffpay?section=people 200 in 1022ms (next.js: 13ms, generate-params: 68µs, application-code: 1009ms)
 GET /staffpay?section=people 200 in 957ms (next.js: 35ms, generate-params: 29ms, application-code: 922ms)
 GET /staffpay?section=approval 200 in 1136ms (next.js: 9ms, generate-params: 69µs, application-code: 1126ms)
 GET /staffpay?section=approval 200 in 1025ms (next.js: 39ms, generate-params: 31ms, application-code: 986ms)
 GET /staffpay?section=approval 200 in 1153ms (next.js: 21ms, generate-params: 14ms, application-code: 1131ms)
 GET /staffpay?section=export 200 in 303ms (next.js: 23ms, generate-params: 17ms, application-code: 280ms)
 GET /staffpay?section=export 200 in 606ms (next.js: 14ms, generate-params: 120µs, application-code: 592ms)
 GET /staffpay?section=export 200 in 1424ms (next.js: 14ms, generate-params: 93µs, application-code: 1411ms)
 GET /staffpay?section=export 200 in 314ms (next.js: 32ms, generate-params: 19ms, application-code: 282ms)
 GET /staffpay?section=reconciliation 200 in 1415ms (next.js: 14ms, generate-params: 55µs, application-code: 1401ms)
 GET /staffpay?section=reconciliation 200 in 310ms (next.js: 24ms, generate-params: 17ms, application-code: 285ms)
 GET /staffpay?section=reconciliation 200 in 674ms (next.js: 8ms, generate-params: 76µs, application-code: 666ms)
 GET /staffpay?section=adjustments 200 in 471ms (next.js: 30ms, generate-params: 17ms, application-code: 440ms)
 GET /staffpay?section=adjustments 200 in 1490ms (next.js: 303ms, generate-params: 18ms, application-code: 1187ms)
 GET /staffpay?section=adjustments 500 in 4.9s (next.js: 4.7s, generate-params: 117µs, application-code: 190ms)
 GET /staffpay?section=adjustments 200 in 2.5s (next.js: 100ms, generate-params: 47ms, application-code: 2.4s)
 GET /dashboard 200 in 935ms (next.js: 25ms, generate-params: 14ms, application-code: 910ms)
 GET /dashboard 200 in 1650ms (next.js: 14ms, generate-params: 54µs, application-code: 1636ms)
 GET /action-inbox 200 in 439ms (next.js: 35ms, generate-params: 25ms, application-code: 404ms)
 GET /action-inbox 200 in 391ms (next.js: 26ms, generate-params: 19ms, application-code: 364ms)
 GET /settings 200 in 417ms (next.js: 25ms, generate-params: 18ms, application-code: 392ms)
 GET /settings 200 in 943ms (next.js: 13ms, generate-params: 63µs, application-code: 930ms)
 GET /staff-doctors 200 in 794ms (next.js: 23ms, generate-params: 16ms, application-code: 771ms)
 GET /staff-doctors 200 in 501ms (next.js: 12ms, generate-params: 92µs, application-code: 489ms)
 GET /staff-doctors?section=people 200 in 424ms (next.js: 21ms, generate-params: 15ms, application-code: 402ms)
 GET /staff-doctors?section=people 200 in 646ms (next.js: 15ms, generate-params: 58µs, application-code: 632ms)
 GET /staff-doctors?section=credentials 200 in 252ms (next.js: 27ms, generate-params: 16ms, application-code: 225ms)
 GET /staff-doctors?section=credentials 200 in 256ms (next.js: 12ms, generate-params: 53µs, application-code: 244ms)
 GET /roster 200 in 695ms (next.js: 31ms, generate-params: 19ms, application-code: 665ms)
 GET /roster 200 in 239ms (next.js: 21ms, generate-params: 16ms, application-code: 218ms)
 GET /roster 200 in 405ms (next.js: 12ms, generate-params: 115µs, application-code: 392ms)
 GET /roster?section=coverage 200 in 281ms (next.js: 6ms, generate-params: 55µs, application-code: 275ms)
 GET /roster?section=coverage 200 in 675ms (next.js: 25ms, generate-params: 14ms, application-code: 651ms)
 GET /roster?section=open-shifts 200 in 305ms (next.js: 9ms, generate-params: 40µs, application-code: 296ms)
 GET /roster?section=open-shifts 200 in 472ms (next.js: 37ms, generate-params: 24ms, application-code: 435ms)
 GET /time-attendance 200 in 216ms (next.js: 11ms, generate-params: 98µs, application-code: 205ms)
 GET /time-attendance 200 in 418ms (next.js: 25ms, generate-params: 14ms, application-code: 393ms)
 GET /time-attendance?section=timesheets 200 in 969ms (next.js: 13ms, generate-params: 66µs, application-code: 956ms)
 GET /time-attendance?section=timesheets 200 in 507ms (next.js: 18ms, generate-params: 14ms, application-code: 489ms)
 GET /time-attendance?section=approvals 200 in 1121ms (next.js: 12ms, generate-params: 87µs, application-code: 1109ms)
 GET /time-attendance?section=approvals 200 in 504ms (next.js: 20ms, generate-params: 10ms, application-code: 484ms)
 GET /staffpay?section=overview 200 in 476ms (next.js: 7ms, generate-params: 51µs, application-code: 469ms)
 GET /staffpay?section=overview 200 in 206ms (next.js: 18ms, generate-params: 148µs, application-code: 188ms)
 GET /staffpay?section=overview 200 in 1135ms (next.js: 107ms, generate-params: 53ms, application-code: 1028ms)
 GET /staffpay?section=people 200 in 785ms (next.js: 10ms, generate-params: 61µs, application-code: 775ms)
 GET /staffpay?section=people 200 in 689ms (next.js: 17ms, generate-params: 12ms, application-code: 672ms)
 GET /staffpay?section=approval 200 in 433ms (next.js: 18ms, generate-params: 13ms, application-code: 416ms)
 GET /staffpay?section=approval 200 in 336ms (next.js: 11ms, generate-params: 33µs, application-code: 325ms)
 GET /staffpay?section=export 200 in 344ms (next.js: 24ms, generate-params: 14ms, application-code: 320ms)
 GET /staffpay?section=export 200 in 300ms (next.js: 9ms, generate-params: 54µs, application-code: 291ms)
 GET /staffpay?section=reconciliation 200 in 498ms (next.js: 23ms, generate-params: 16ms, application-code: 475ms)
 GET /staffpay?section=reconciliation 200 in 1174ms (next.js: 8ms, generate-params: 57µs, application-code: 1166ms)
 GET /staffpay?section=adjustments 200 in 1081ms (next.js: 30ms, generate-params: 18ms, application-code: 1050ms)
 GET /staffpay?section=adjustments 200 in 340ms (next.js: 11ms, generate-params: 61µs, application-code: 329ms)
 GET /dashboard 200 in 1012ms (next.js: 27ms, generate-params: 16ms, application-code: 985ms)
 GET /dashboard 200 in 1163ms (next.js: 12ms, generate-params: 90µs, application-code: 1151ms)
 GET /action-inbox 200 in 383ms (next.js: 32ms, generate-params: 20ms, application-code: 351ms)
 GET /action-inbox 200 in 454ms (next.js: 24ms, generate-params: 16ms, application-code: 430ms)
 GET /settings 200 in 406ms (next.js: 24ms, generate-params: 16ms, application-code: 381ms)
 GET /settings 200 in 459ms (next.js: 12ms, generate-params: 399µs, application-code: 447ms)
 GET /settings 200 in 875ms (next.js: 6ms, generate-params: 78µs, application-code: 868ms)
 GET /staff-doctors 200 in 299ms (next.js: 26ms, generate-params: 16ms, application-code: 273ms)
 GET /staff-doctors 200 in 423ms (next.js: 28ms, generate-params: 18ms, application-code: 395ms)
 GET /staff-doctors?section=people 200 in 221ms (next.js: 8ms, generate-params: 61µs, application-code: 214ms)
 GET /staff-doctors?section=people 200 in 368ms (next.js: 26ms, generate-params: 17ms, application-code: 341ms)
 GET /staff-doctors?section=credentials 200 in 1225ms (next.js: 11ms, generate-params: 59µs, application-code: 1214ms)
 GET /staff-doctors?section=credentials 200 in 1025ms (next.js: 29ms, generate-params: 17ms, application-code: 996ms)
 GET /roster 200 in 468ms (next.js: 29ms, generate-params: 17ms, application-code: 440ms)
 GET /roster 200 in 240ms (next.js: 6ms, generate-params: 36µs, application-code: 234ms)
 GET /roster?section=coverage 200 in 1093ms (next.js: 31ms, generate-params: 18ms, application-code: 1062ms)
 GET /roster?section=coverage 200 in 377ms (next.js: 18ms, generate-params: 13ms, application-code: 359ms)
 GET /roster?section=open-shifts 200 in 1299ms (next.js: 10ms, generate-params: 160µs, application-code: 1289ms)
 GET /roster?section=open-shifts 200 in 593ms (next.js: 23ms, generate-params: 13ms, application-code: 570ms)
 GET /time-attendance 200 in 522ms (next.js: 26ms, generate-params: 18ms, application-code: 497ms)
 GET /time-attendance 200 in 855ms (next.js: 8ms, generate-params: 99µs, application-code: 847ms)
 GET /time-attendance?section=timesheets 200 in 332ms (next.js: 26ms, generate-params: 17ms, application-code: 306ms)
 GET /time-attendance?section=timesheets 200 in 525ms (next.js: 9ms, generate-params: 40µs, application-code: 516ms)
 GET /time-attendance?section=approvals 200 in 336ms (next.js: 20ms, generate-params: 13ms, application-code: 315ms)
 GET /time-attendance?section=approvals 200 in 844ms (next.js: 9ms, generate-params: 67µs, application-code: 835ms)
 GET /staffpay?section=overview 200 in 283ms (next.js: 26ms, generate-params: 17ms, application-code: 257ms)
 GET /staffpay?section=overview 200 in 86ms (next.js: 15ms, generate-params: 62µs, application-code: 71ms)
 GET /staffpay?section=overview 200 in 433ms (next.js: 12ms, generate-params: 46µs, application-code: 421ms)
 GET /staffpay?section=people 200 in 662ms (next.js: 28ms, generate-params: 15ms, application-code: 634ms)
 GET /staffpay?section=people 200 in 1413ms (next.js: 13ms, generate-params: 69µs, application-code: 1400ms)
 GET /staffpay?section=approval 200 in 804ms (next.js: 24ms, generate-params: 17ms, application-code: 781ms)
 GET /staffpay?section=approval 200 in 850ms (next.js: 13ms, generate-params: 104µs, application-code: 838ms)
 GET /staffpay?section=export 200 in 512ms (next.js: 24ms, generate-params: 15ms, application-code: 488ms)
 GET /staffpay?section=export 200 in 805ms (next.js: 6ms, generate-params: 52µs, application-code: 799ms)
 GET /staffpay?section=reconciliation 200 in 751ms (next.js: 30ms, generate-params: 19ms, application-code: 721ms)
 GET /staffpay?section=reconciliation 200 in 343ms (next.js: 6ms, generate-params: 40µs, application-code: 337ms)
 GET /staffpay?section=reconciliation 200 in 556ms (next.js: 20ms, generate-params: 14ms, application-code: 536ms)
 GET /staffpay?section=adjustments 200 in 387ms (next.js: 5ms, generate-params: 44µs, application-code: 382ms)
 GET /staffpay?section=adjustments 200 in 432ms (next.js: 33ms, generate-params: 49µs, application-code: 399ms)
 GET /staffpay?section=adjustments 200 in 1646ms (next.js: 39ms, generate-params: 92µs, application-code: 1606ms)
 GET /dashboard 200 in 1432ms (next.js: 27ms, generate-params: 17ms, application-code: 1405ms)
 GET /dashboard 200 in 883ms (next.js: 40ms, generate-params: 27ms, application-code: 843ms)
 GET /action-inbox 200 in 330ms (next.js: 31ms, generate-params: 19ms, application-code: 299ms)
 GET /action-inbox 200 in 384ms (next.js: 30ms, generate-params: 20ms, application-code: 354ms)
 GET /settings 200 in 612ms (next.js: 26ms, generate-params: 16ms, application-code: 587ms)
 GET /settings 200 in 715ms (next.js: 9ms, generate-params: 57µs, application-code: 706ms)
 GET /staff-doctors 200 in 853ms (next.js: 57ms, generate-params: 26ms, application-code: 796ms)
 GET /staff-doctors 200 in 486ms (next.js: 6ms, generate-params: 85µs, application-code: 480ms)
 GET /staff-doctors?section=people 200 in 242ms (next.js: 20ms, generate-params: 14ms, application-code: 221ms)
 GET /staff-doctors?section=people 200 in 670ms (next.js: 14ms, generate-params: 73µs, application-code: 657ms)
 GET /staff-doctors?section=credentials 200 in 479ms (next.js: 18ms, generate-params: 9ms, application-code: 462ms)
 GET /staff-doctors?section=credentials 200 in 2.2s (next.js: 630ms, generate-params: 15ms, application-code: 1569ms)
 GET /staff-doctors?section=credentials 500 in 5.8s (next.js: 5.6s, generate-params: 35µs, application-code: 213ms)
 GET /staff-doctors?section=credentials 200 in 2.2s (next.js: 219ms, generate-params: 15ms, application-code: 1996ms)
 GET /roster 200 in 371ms (next.js: 8ms, generate-params: 61µs, application-code: 362ms)
 GET /roster 200 in 311ms (next.js: 21ms, generate-params: 14ms, application-code: 290ms)
 GET /roster 200 in 215ms (next.js: 25ms, generate-params: 106µs, application-code: 190ms)
 GET /roster?section=coverage 200 in 933ms (next.js: 14ms, generate-params: 53µs, application-code: 918ms)
 GET /roster?section=coverage 200 in 429ms (next.js: 28ms, generate-params: 18ms, application-code: 401ms)
 GET /roster?section=open-shifts 200 in 371ms (next.js: 10ms, generate-params: 128µs, application-code: 361ms)
 GET /roster?section=open-shifts 200 in 275ms (next.js: 29ms, generate-params: 17ms, application-code: 247ms)
 GET /time-attendance 200 in 1509ms (next.js: 32ms, generate-params: 900µs, application-code: 1478ms)
 GET /time-attendance 200 in 564ms (next.js: 19ms, generate-params: 15ms, application-code: 545ms)
 GET /time-attendance?section=timesheets 200 in 400ms (next.js: 40ms, generate-params: 21ms, application-code: 359ms)
 GET /time-attendance?section=timesheets 200 in 495ms (next.js: 5ms, generate-params: 42µs, application-code: 490ms)
 GET /time-attendance?section=approvals 200 in 325ms (next.js: 28ms, generate-params: 18ms, application-code: 297ms)
 GET /time-attendance?section=approvals 200 in 212ms (next.js: 11ms, generate-params: 58µs, application-code: 200ms)
 GET /staffpay?section=overview 200 in 432ms (next.js: 25ms, generate-params: 14ms, application-code: 408ms)
 GET /staffpay?section=overview 200 in 530ms (next.js: 18ms, generate-params: 13ms, application-code: 513ms)
 GET /staffpay?section=people 200 in 1086ms (next.js: 10ms, generate-params: 54µs, application-code: 1076ms)
 GET /staffpay?section=people 200 in 1332ms (next.js: 22ms, generate-params: 16ms, application-code: 1310ms)
 GET /staffpay?section=approval 200 in 362ms (next.js: 22ms, generate-params: 16ms, application-code: 340ms)
 GET /staffpay?section=approval 200 in 1016ms (next.js: 18ms, generate-params: 56µs, application-code: 998ms)
 GET /staffpay?section=export 200 in 648ms (next.js: 42ms, generate-params: 28ms, application-code: 606ms)
 GET /staffpay?section=export 200 in 347ms (next.js: 12ms, generate-params: 78µs, application-code: 335ms)
 GET /staffpay?section=export 200 in 227ms (next.js: 9ms, generate-params: 56µs, application-code: 219ms)
 GET /staffpay?section=reconciliation 200 in 297ms (next.js: 25ms, generate-params: 13ms, application-code: 272ms)
 GET /staffpay?section=reconciliation 200 in 852ms (next.js: 7ms, generate-params: 102µs, application-code: 845ms)
 GET /staffpay?section=adjustments 200 in 1306ms (next.js: 88ms, generate-params: 79ms, application-code: 1218ms)
 GET /staffpay?section=adjustments 200 in 873ms (next.js: 34ms, generate-params: 19ms, application-code: 838ms)
 GET /dashboard 200 in 1408ms (next.js: 25ms, generate-params: 15ms, application-code: 1383ms)
 GET /dashboard 200 in 1420ms (next.js: 28ms, generate-params: 17ms, application-code: 1391ms)
 GET /action-inbox 200 in 303ms (next.js: 33ms, generate-params: 22ms, application-code: 270ms)
 GET /action-inbox 200 in 328ms (next.js: 32ms, generate-params: 18ms, application-code: 296ms)
 GET /settings 200 in 731ms (next.js: 10ms, generate-params: 48µs, application-code: 721ms)
 GET /settings 200 in 1590ms (next.js: 36ms, generate-params: 19ms, application-code: 1553ms)
 GET /staff-doctors 200 in 890ms (next.js: 23ms, generate-params: 17ms, application-code: 867ms)
 GET /staff-doctors 200 in 682ms (next.js: 33ms, generate-params: 23ms, application-code: 650ms)
 GET /staff-doctors?section=people 200 in 869ms (next.js: 7ms, generate-params: 51µs, application-code: 862ms)
 GET /staff-doctors?section=people 200 in 533ms (next.js: 26ms, generate-params: 15ms, application-code: 507ms)
 GET /staff-doctors?section=credentials 200 in 582ms (next.js: 12ms, generate-params: 65µs, application-code: 570ms)
 GET /staff-doctors?section=credentials 200 in 375ms (next.js: 24ms, generate-params: 16ms, application-code: 350ms)
 GET /roster 200 in 889ms (next.js: 11ms, generate-params: 72µs, application-code: 877ms)
 GET /roster 200 in 538ms (next.js: 18ms, generate-params: 14ms, application-code: 520ms)
 GET /roster?section=coverage 200 in 427ms (next.js: 10ms, generate-params: 66µs, application-code: 417ms)
 GET /roster?section=coverage 200 in 1833ms (next.js: 29ms, generate-params: 22ms, application-code: 1804ms)
 GET /roster?section=open-shifts 200 in 417ms (next.js: 30ms, generate-params: 23ms, application-code: 387ms)
 GET /roster?section=open-shifts 200 in 300ms (next.js: 6ms, generate-params: 60µs, application-code: 294ms)
 GET /time-attendance 200 in 431ms (next.js: 29ms, generate-params: 18ms, application-code: 403ms)
 GET /time-attendance 200 in 509ms (next.js: 10ms, generate-params: 76µs, application-code: 499ms)
 GET /time-attendance?section=timesheets 200 in 257ms (next.js: 35ms, generate-params: 25ms, application-code: 222ms)
 GET /time-attendance?section=timesheets 200 in 562ms (next.js: 12ms, generate-params: 50µs, application-code: 550ms)
 GET /time-attendance?section=approvals 200 in 236ms (next.js: 23ms, generate-params: 16ms, application-code: 213ms)
 GET /time-attendance?section=approvals 200 in 523ms (next.js: 6ms, generate-params: 36µs, application-code: 517ms)
 GET /staffpay?section=overview 200 in 301ms (next.js: 24ms, generate-params: 13ms, application-code: 277ms)
 GET /staffpay?section=overview 200 in 634ms (next.js: 6ms, generate-params: 31µs, application-code: 629ms)
 GET /staffpay?section=people 200 in 301ms (next.js: 25ms, generate-params: 18ms, application-code: 277ms)
 GET /staffpay?section=people 200 in 372ms (next.js: 4ms, generate-params: 22µs, application-code: 367ms)
 GET /staffpay?section=approval 200 in 1367ms (next.js: 27ms, generate-params: 19ms, application-code: 1340ms)
 GET /staffpay?section=approval 200 in 324ms (next.js: 23ms, generate-params: 14ms, application-code: 301ms)
 GET /staffpay?section=export 200 in 273ms (next.js: 3ms, generate-params: 50µs, application-code: 270ms)
 GET /staffpay?section=export 200 in 266ms (next.js: 18ms, generate-params: 14ms, application-code: 248ms)
 GET /staffpay?section=reconciliation 200 in 1165ms (next.js: 15ms, generate-params: 57µs, application-code: 1149ms)
 GET /staffpay?section=reconciliation 200 in 1050ms (next.js: 26ms, generate-params: 18ms, application-code: 1024ms)
 GET /staffpay?section=adjustments 200 in 622ms (next.js: 27ms, generate-params: 17ms, application-code: 594ms)
 GET /staffpay?section=adjustments 200 in 536ms (next.js: 22ms, generate-params: 17ms, application-code: 515ms)
 GET /dashboard 200 in 1364ms (next.js: 13ms, generate-params: 60µs, application-code: 1350ms)
 GET /dashboard 200 in 1505ms (next.js: 23ms, generate-params: 17ms, application-code: 1482ms)
 GET /dashboard 200 in 1236ms (next.js: 21ms, generate-params: 16ms, application-code: 1215ms)
 GET /dashboard 200 in 146ms (next.js: 35ms, generate-params: 20ms, application-code: 111ms)
 GET /action-inbox 200 in 618ms (next.js: 26ms, generate-params: 66µs, application-code: 592ms)
 GET /action-inbox 200 in 490ms (next.js: 17ms, generate-params: 7ms, application-code: 473ms)
 GET /action-inbox 200 in 300ms (next.js: 31ms, generate-params: 20ms, application-code: 270ms)
 GET /settings 200 in 538ms (next.js: 24ms, generate-params: 17ms, application-code: 514ms)
 GET /settings 200 in 442ms (next.js: 26ms, generate-params: 18ms, application-code: 416ms)
 GET /settings 200 in 245ms (next.js: 10ms, generate-params: 98µs, application-code: 235ms)
 GET /staff-doctors 200 in 645ms (next.js: 26ms, generate-params: 15ms, application-code: 619ms)
 GET /staff-doctors 200 in 462ms (next.js: 25ms, generate-params: 17ms, application-code: 438ms)
 GET /staff-doctors 200 in 813ms (next.js: 15ms, generate-params: 54µs, application-code: 797ms)
 GET /staff-doctors 200 in 686ms (next.js: 11ms, generate-params: 56µs, application-code: 675ms)
 GET /staff-doctors?section=people 200 in 650ms (next.js: 39ms, generate-params: 24ms, application-code: 611ms)
 GET /staff-doctors?section=people 200 in 337ms (next.js: 21ms, generate-params: 14ms, application-code: 316ms)
 GET /staff-doctors?section=people 200 in 563ms (next.js: 43ms, generate-params: 27ms, application-code: 520ms)
 GET /staff-doctors?section=credentials 200 in 924ms (next.js: 6ms, generate-params: 67µs, application-code: 918ms)
 GET /staff-doctors?section=credentials 200 in 384ms (next.js: 23ms, generate-params: 14ms, application-code: 361ms)
 GET /staff-doctors?section=credentials 200 in 627ms (next.js: 20ms, generate-params: 58µs, application-code: 608ms)
 GET /staff-doctors?section=credentials 200 in 518ms (next.js: 10ms, generate-params: 86µs, application-code: 508ms)
 GET /roster 200 in 237ms (next.js: 21ms, generate-params: 15ms, application-code: 217ms)
 GET /roster 200 in 199ms (next.js: 5ms, generate-params: 27µs, application-code: 195ms)
 GET /roster 200 in 382ms (next.js: 25ms, generate-params: 15ms, application-code: 356ms)
 GET /roster?section=coverage 200 in 294ms (next.js: 9ms, generate-params: 39µs, application-code: 285ms)
 GET /roster?section=coverage 200 in 400ms (next.js: 18ms, generate-params: 10ms, application-code: 382ms)
 GET /roster?section=coverage 200 in 969ms (next.js: 16ms, generate-params: 48µs, application-code: 953ms)
 GET /roster?section=open-shifts 200 in 633ms (next.js: 102ms, generate-params: 82ms, application-code: 530ms)
 GET /roster?section=open-shifts 200 in 415ms (next.js: 10ms, generate-params: 66µs, application-code: 405ms)
 GET /roster?section=open-shifts 200 in 489ms (next.js: 27ms, generate-params: 17ms, application-code: 462ms)
 GET /time-attendance 200 in 736ms (next.js: 7ms, generate-params: 32µs, application-code: 729ms)
 GET /time-attendance 200 in 345ms (next.js: 20ms, generate-params: 12ms, application-code: 325ms)
 GET /time-attendance 200 in 1241ms (next.js: 9ms, generate-params: 62µs, application-code: 1233ms)
 GET /time-attendance?section=timesheets 200 in 1001ms (next.js: 26ms, generate-params: 19ms, application-code: 975ms)
 GET /time-attendance?section=timesheets 200 in 844ms (next.js: 12ms, generate-params: 77µs, application-code: 832ms)
 GET /time-attendance?section=timesheets 200 in 755ms (next.js: 27ms, generate-params: 18ms, application-code: 728ms)
 GET /time-attendance?section=approvals 200 in 322ms (next.js: 11ms, generate-params: 67µs, application-code: 312ms)
 GET /time-attendance?section=approvals 200 in 518ms (next.js: 25ms, generate-params: 13ms, application-code: 493ms)
 GET /time-attendance?section=approvals 200 in 380ms (next.js: 24ms, generate-params: 19ms, application-code: 356ms)
 GET /staffpay?section=overview 200 in 439ms (next.js: 5ms, generate-params: 43µs, application-code: 433ms)
 GET /staffpay?section=overview 200 in 304ms (next.js: 25ms, generate-params: 18ms, application-code: 279ms)
 GET /staffpay?section=overview 200 in 403ms (next.js: 14ms, generate-params: 53µs, application-code: 389ms)
 GET /staffpay?section=people 200 in 1024ms (next.js: 33ms, generate-params: 25ms, application-code: 991ms)
 GET /staffpay?section=people 200 in 645ms (next.js: 12ms, generate-params: 67µs, application-code: 633ms)
 GET /staffpay?section=people 200 in 300ms (next.js: 25ms, generate-params: 16ms, application-code: 275ms)
 GET /staffpay?section=approval 200 in 1411ms (next.js: 25ms, generate-params: 18ms, application-code: 1386ms)
 GET /staffpay?section=approval 200 in 349ms (next.js: 7ms, generate-params: 61µs, application-code: 342ms)
 GET /staffpay?section=approval 200 in 878ms (next.js: 32ms, generate-params: 21ms, application-code: 845ms)
 GET /staffpay?section=export 200 in 365ms (next.js: 11ms, generate-params: 70µs, application-code: 354ms)
 GET /staffpay?section=export 200 in 530ms (next.js: 23ms, generate-params: 15ms, application-code: 507ms)
 GET /staffpay?section=export 200 in 526ms (next.js: 16ms, generate-params: 93µs, application-code: 510ms)
 GET /staffpay?section=reconciliation 200 in 861ms (next.js: 22ms, generate-params: 16ms, application-code: 839ms)
 GET /staffpay?section=reconciliation 200 in 384ms (next.js: 34ms, generate-params: 23ms, application-code: 350ms)
 GET /staffpay?section=reconciliation 200 in 523ms (next.js: 7ms, generate-params: 80µs, application-code: 515ms)
 GET /staffpay?section=adjustments 200 in 666ms (next.js: 27ms, generate-params: 17ms, application-code: 639ms)
 GET /staffpay?section=adjustments 200 in 309ms (next.js: 36ms, generate-params: 28ms, application-code: 273ms)
 GET /staffpay?section=adjustments 200 in 390ms (next.js: 6ms, generate-params: 55µs, application-code: 384ms)
 GET /staff-doctors?section=overview 200 in 458ms (next.js: 31ms, generate-params: 20ms, application-code: 427ms)
 GET /staff-doctors?section=people 200 in 801ms (next.js: 20ms, generate-params: 13ms, application-code: 780ms)
 GET /staff-doctors?section=staff-profiles 200 in 498ms (next.js: 8ms, generate-params: 92µs, application-code: 490ms)
 GET /staff-doctors?section=doctor-profiles 200 in 597ms (next.js: 28ms, generate-params: 19ms, application-code: 569ms)
 GET /staff-doctors?section=engagements 200 in 505ms (next.js: 7ms, generate-params: 55µs, application-code: 498ms)
 GET /staff-doctors?section=credentials 200 in 500ms (next.js: 26ms, generate-params: 15ms, application-code: 473ms)
 GET /staff-doctors?section=leave-availability 200 in 637ms (next.js: 22ms, generate-params: 55µs, application-code: 615ms)
 GET /staff-doctors?section=restrictions 200 in 366ms (next.js: 19ms, generate-params: 13ms, application-code: 347ms)
 GET /staff-doctors?section=onboarding 200 in 598ms (next.js: 48ms, generate-params: 61µs, application-code: 550ms)
 GET /staff-doctors?section=offboarding 200 in 634ms (next.js: 27ms, generate-params: 19ms, application-code: 607ms)
 GET /staff-doctors?section=reports 200 in 511ms (next.js: 12ms, generate-params: 46µs, application-code: 498ms)
 GET /staff-doctors?section=settings 200 in 440ms (next.js: 26ms, generate-params: 18ms, application-code: 414ms)
 GET /roster?section=roster-board 200 in 322ms (next.js: 7ms, generate-params: 69µs, application-code: 315ms)
 GET /roster?section=coverage 200 in 679ms (next.js: 63ms, generate-params: 34ms, application-code: 616ms)
 GET /roster?section=open-shifts 200 in 331ms (next.js: 6ms, generate-params: 58µs, application-code: 325ms)
 GET /roster?section=availability-leave 200 in 379ms (next.js: 18ms, generate-params: 9ms, application-code: 361ms)
 GET /roster?section=requests 200 in 367ms (next.js: 11ms, generate-params: 95µs, application-code: 356ms)
 GET /roster?section=conflicts-warnings 200 in 602ms (next.js: 24ms, generate-params: 16ms, application-code: 578ms)
 GET /roster?section=published-history 200 in 785ms (next.js: 35ms, generate-params: 18ms, application-code: 750ms)
 GET /roster?section=cost-forecast 200 in 339ms (next.js: 45ms, generate-params: 51µs, application-code: 294ms)
 GET /roster?section=reports 200 in 202ms (next.js: 17ms, generate-params: 12ms, application-code: 186ms)
 GET /roster?section=settings 200 in 423ms (next.js: 7ms, generate-params: 70µs, application-code: 417ms)
 GET /time-attendance?section=live 200 in 417ms (next.js: 24ms, generate-params: 15ms, application-code: 393ms)
 GET /time-attendance?section=clock 200 in 309ms (next.js: 9ms, generate-params: 71µs, application-code: 300ms)
 GET /time-attendance?section=timesheets 200 in 977ms (next.js: 29ms, generate-params: 18ms, application-code: 948ms)
 GET /time-attendance?section=exceptions 200 in 284ms (next.js: 25ms, generate-params: 15ms, application-code: 259ms)
 GET /time-attendance?section=corrections 200 in 598ms (next.js: 11ms, generate-params: 80µs, application-code: 587ms)
 GET /time-attendance?section=approvals 200 in 278ms (next.js: 26ms, generate-params: 16ms, application-code: 252ms)
 GET /time-attendance?section=approvals 200 in 157ms (next.js: 11ms, generate-params: 33µs, application-code: 146ms)
 GET /time-attendance?section=breaks 200 in 756ms (next.js: 48ms, generate-params: 103µs, application-code: 708ms)
 GET /time-attendance?section=history 200 in 397ms (next.js: 98ms, generate-params: 51ms, application-code: 299ms)
 GET /time-attendance?section=reports 200 in 664ms (next.js: 32ms, generate-params: 20ms, application-code: 632ms)
 GET /time-attendance?section=settings 200 in 392ms (next.js: 7ms, generate-params: 53µs, application-code: 385ms)
 GET /staffpay?section=overview 200 in 350ms (next.js: 28ms, generate-params: 15ms, application-code: 323ms)
 GET /staffpay?section=people 200 in 698ms (next.js: 13ms, generate-params: 55µs, application-code: 684ms)
 GET /staffpay?section=leave 200 in 499ms (next.js: 17ms, generate-params: 7ms, application-code: 482ms)
 GET /staffpay?section=adjustments 200 in 1087ms (next.js: 13ms, generate-params: 61µs, application-code: 1074ms)
 GET /staffpay?section=exceptions 200 in 433ms (next.js: 24ms, generate-params: 16ms, application-code: 409ms)
 GET /staffpay?section=variances 200 in 701ms (next.js: 17ms, generate-params: 65µs, application-code: 685ms)
 GET /staffpay?section=approval 200 in 566ms (next.js: 27ms, generate-params: 21ms, application-code: 539ms)
 GET /staffpay?section=export 200 in 433ms (next.js: 10ms, generate-params: 57µs, application-code: 423ms)
 GET /staffpay?section=reconciliation 200 in 1108ms (next.js: 29ms, generate-params: 19ms, application-code: 1079ms)
 GET /staffpay?section=history 200 in 715ms (next.js: 34ms, generate-params: 21ms, application-code: 681ms)
 GET /staffpay?section=settings 200 in 371ms (next.js: 6ms, generate-params: 35µs, application-code: 365ms)
 GET /staffpay?section=settings 200 in 1636ms (next.js: 20ms, generate-params: 14ms, application-code: 1615ms)
 GET /dashboard 200 in 1372ms (next.js: 19ms, generate-params: 43µs, application-code: 1353ms)
 GET /dashboard 200 in 2.4s (next.js: 25ms, generate-params: 16ms, application-code: 2.4s)
 GET /dashboard 200 in 620ms (next.js: 37ms, generate-params: 29ms, application-code: 583ms)
 GET /staff-doctors 200 in 2.3s (next.js: 14ms, generate-params: 101µs, application-code: 2.3s)
 GET /roster 200 in 563ms (next.js: 32ms, generate-params: 20ms, application-code: 530ms)
 GET /time-attendance 200 in 1779ms (next.js: 32ms, generate-params: 55µs, application-code: 1747ms)
 GET /staffpay?section=overview 200 in 432ms (next.js: 14ms, generate-params: 11ms, application-code: 418ms)
 GET /staffpay?section=adjustments 200 in 458ms (next.js: 8ms, generate-params: 51µs, application-code: 450ms)
 GET /staffpay?section=adjustments 200 in 1676ms (next.js: 53ms, generate-params: 30ms, application-code: 1624ms)
 GET /dashboard 200 in 2.4s (next.js: 17ms, generate-params: 99µs, application-code: 2.4s)
 GET /dashboard 200 in 251ms (next.js: 24ms, generate-params: 16ms, application-code: 228ms)
 GET /dashboard 200 in 3.2s (next.js: 17ms, generate-params: 106µs, application-code: 3.2s)
 GET /staff-doctors 200 in 1521ms (next.js: 27ms, generate-params: 17ms, application-code: 1494ms)
 GET /roster 200 in 1228ms (next.js: 21ms, generate-params: 15ms, application-code: 1207ms)
 GET /time-attendance 200 in 623ms (next.js: 27ms, generate-params: 20ms, application-code: 596ms)
 GET /time-attendance 200 in 80ms (next.js: 8ms, generate-params: 48µs, application-code: 72ms)
 GET /staffpay?section=overview 200 in 1418ms (next.js: 7ms, generate-params: 60µs, application-code: 1411ms)
 GET /staffpay?section=overview 200 in 141ms (next.js: 24ms, generate-params: 52µs, application-code: 118ms)
 GET /staffpay?section=adjustments 200 in 602ms (next.js: 42ms, generate-params: 24ms, application-code: 560ms)
 GET /staffpay?section=adjustments 200 in 163ms (next.js: 10ms, generate-params: 40µs, application-code: 153ms)
 GET /dashboard 200 in 2.3s (next.js: 19ms, generate-params: 67µs, application-code: 2.3s)
 GET /dashboard 200 in 1282ms (next.js: 25ms, generate-params: 16ms, application-code: 1257ms)
 GET /dashboard 200 in 1245ms (next.js: 11ms, generate-params: 63µs, application-code: 1234ms)
 GET /dashboard 200 in 267ms (next.js: 54ms, generate-params: 24ms, application-code: 213ms)
 GET /staff-doctors 200 in 1154ms (next.js: 18ms, generate-params: 147µs, application-code: 1136ms)
 GET /roster 200 in 485ms (next.js: 20ms, generate-params: 15ms, application-code: 465ms)
 GET /time-attendance 200 in 312ms (next.js: 9ms, generate-params: 46µs, application-code: 303ms)
 GET /staffpay?section=overview 200 in 506ms (next.js: 21ms, generate-params: 14ms, application-code: 485ms)
 GET /staffpay?section=adjustments 200 in 651ms (next.js: 11ms, generate-params: 84µs, application-code: 640ms)
 GET /dashboard 200 in 1842ms (next.js: 37ms, generate-params: 30ms, application-code: 1805ms)
 GET /dashboard 200 in 135ms (next.js: 24ms, generate-params: 16ms, application-code: 112ms)
 GET /dashboard 200 in 1981ms (next.js: 6ms, generate-params: 47µs, application-code: 1974ms)
 GET /dashboard 200 in 193ms (next.js: 31ms, generate-params: 19ms, application-code: 162ms)
 GET /staff-doctors 200 in 941ms (next.js: 7ms, generate-params: 53µs, application-code: 934ms)
 GET /staff-doctors 200 in 1134ms (next.js: 303ms, generate-params: 12ms, application-code: 831ms)
 GET /roster 500 in 4.1s (next.js: 3.9s, generate-params: 12ms, application-code: 191ms)
 GET /time-attendance 200 in 1137ms (next.js: 22ms, generate-params: 12ms, application-code: 1115ms)
 GET /staffpay?section=overview 200 in 368ms (next.js: 20ms, generate-params: 15ms, application-code: 348ms)
 GET /staffpay?section=adjustments 200 in 346ms (next.js: 8ms, generate-params: 65µs, application-code: 338ms)
 GET /dashboard 200 in 832ms (next.js: 16ms, generate-params: 9ms, application-code: 816ms)
 GET /dashboard 200 in 1001ms (next.js: 20ms, generate-params: 15ms, application-code: 981ms)
 GET /dashboard 200 in 1172ms (next.js: 11ms, generate-params: 54µs, application-code: 1161ms)
 GET /dashboard 200 in 2.0s (next.js: 22ms, generate-params: 15ms, application-code: 2.0s)
 GET /dashboard 200 in 1025ms (next.js: 8ms, generate-params: 42µs, application-code: 1017ms)
 GET /dashboard 200 in 273ms (next.js: 12ms, generate-params: 50µs, application-code: 261ms)
 GET /dashboard 200 in 186ms (next.js: 35ms, generate-params: 26ms, application-code: 151ms)
 GET /dashboard 200 in 214ms (next.js: 17ms, generate-params: 64µs, application-code: 198ms)
 GET /dashboard 500 in 4.4s (next.js: 4.1s, generate-params: 90µs, application-code: 303ms)
 GET /dashboard 200 in 670ms (next.js: 433ms, generate-params: 15ms, application-code: 236ms)
 GET /dashboard 200 in 2.4s (next.js: 7ms, generate-params: 61µs, application-code: 2.4s)
 GET /dashboard 200 in 2.3s (next.js: 23ms, generate-params: 15ms, application-code: 2.3s)
 GET /dashboard 200 in 2.1s (next.js: 10ms, generate-params: 63µs, application-code: 2.1s)
 GET /dashboard 200 in 1355ms (next.js: 28ms, generate-params: 20ms, application-code: 1327ms)
 GET /dashboard 200 in 199ms (next.js: 8ms, generate-params: 57µs, application-code: 191ms)
 GET /staff-doctors 200 in 675ms (next.js: 6ms, generate-params: 39µs, application-code: 669ms)
 GET /dashboard 200 in 1958ms (next.js: 8ms, generate-params: 218µs, application-code: 1951ms)
 GET /roster 200 in 396ms (next.js: 26ms, generate-params: 17ms, application-code: 370ms)
 GET /time-attendance 200 in 361ms (next.js: 9ms, generate-params: 56µs, application-code: 352ms)
 GET /staffpay?section=overview 200 in 2.0s (next.js: 10ms, generate-params: 109µs, application-code: 1991ms)
 GET /dashboard 200 in 1343ms (next.js: 118ms, generate-params: 85ms, application-code: 1224ms)
 GET /dashboard 200 in 1057ms (next.js: 52ms, generate-params: 61µs, application-code: 1004ms)
 GET /staffpay?section=adjustments 200 in 729ms (next.js: 7ms, generate-params: 69µs, application-code: 721ms)
 GET /staff-pay 404 in 200ms (next.js: 17ms, generate-params: 12ms, application-code: 182ms)
 GET /m07 404 in 175ms (next.js: 4ms, generate-params: 22µs, application-code: 171ms)
 GET /staff-pay 404 in 363ms (next.js: 47ms, generate-params: 23ms, application-code: 316ms)
 GET /m07 404 in 160ms (next.js: 5ms, generate-params: 23µs, application-code: 155ms)
 GET /staffpay 200 in 148ms (next.js: 4ms, generate-params: 17µs, application-code: 144ms)
[?25h
