▶ Owner visual remediation — global sidebar
  ✔ keeps one pulse-sidebar and does not render family palette / Favourites / Recent lists (2.9136ms)
  ✔ renders search results instead of grouped modules when searching (1.6018ms)
  ✔ keeps favourite control as sibling of Link (not nested interactive) (1.2268ms)
  ✔ deduplicates canonical modules by platformId (0.9391ms)
  ✔ applies Premium Clinical sidebar palette without family gradients (12.2223ms)
✔ Owner visual remediation — global sidebar (28.8463ms)
▶ Owner visual remediation — M04–M07 section navigation
  ✔ provides shared ModuleSectionNav with desktop tabs and mobile selector (8.5444ms)
  ✔ applies shared nav to M04–M07 without 220px left rails (2.4785ms)
  ✔ preserves section query behaviour and M05/M06 test ids (2.1551ms)
✔ Owner visual remediation — M04–M07 section navigation (14.037ms)
▶ Owner visual remediation — dashboard hierarchy
  ✔ exposes one Command Centre heading owner and primary areas only (2.9667ms)
  ✔ keeps secondary functions reachable including reports / eod / create action (2.2384ms)
✔ Owner visual remediation — dashboard hierarchy (5.7866ms)
ℹ tests 10
ℹ suites 3
ℹ pass 10
ℹ fail 0
ℹ cancelled 0
ℹ skipped 0
ℹ todo 0
ℹ duration_ms 2600.987
