▶ M07 PPA-1 integration — shell + real service + mounted section
  ✔ section-meta marks adjustments available with PPA-1 foundation wording (17.6085ms)
  ✔ StaffPayWorkspace mounts ConnectedAdjustmentsSection for adjustments (2.418ms)
  ✔ empty repo mounts genuine empty wired register (30.2599ms)
  ✔ denied actor shows permission alert; no create affordance enabled path (3.2547ms)
  ✔ locked-source selector: ordinary+locked only; excludes adjustment; preserves IDs (112.4904ms)
  ✔ clinic-scoped selector excludes out-of-scope locked ordinary (22.3318ms)
  ✔ register/create/cancel via real service; mounts mapped cases; source unchanged; pins present (59.0205ms)
  ✔ create validation and payload fields required; idempotency preserved at service (31.4342ms)
  ✔ cross-LE create fail-closed; Org B list empty for Org A source (50.3925ms)
  ✔ missing adjust permission denied at service; error state mountable (9.8715ms)
  ✔ unlock ≠ PPA; loading/empty/error states covered; no decorative calc/export actions (86.1241ms)
✔ M07 PPA-1 integration — shell + real service + mounted section (432.4947ms)
ℹ tests 11
ℹ suites 1
ℹ pass 11
ℹ fail 0
ℹ cancelled 0
ℹ skipped 0
ℹ todo 0
ℹ duration_ms 3304.613
