▶ M07 PPA-1 core — prior-period adjustment foundation
  ✔ creates PPA against locked ordinary source; source unchanged; adjustment period linked (169.8496ms)
  ✔ rejects unlocked ordinary source pre-write (16.14ms)
  ✔ rejects missing / unknown source and adjustment-kind source (36.0485ms)
  ✔ rejects cross-LE caller widening and Org B access (32.1029ms)
  ✔ rejects missing reasonCode and blank reasonText pre-write (24.6437ms)
  ✔ enforces at most one open PPA per source; idempotent and conflicting replay (27.3104ms)
  ✔ list/get are LE-scoped; missing adjust permission denied (28.2365ms)
  ✔ cancels draft idempotently; rejects invalid cancel state (53.4782ms)
  ✔ controlled unlock does not create a PPA case (32.6169ms)
  ✔ rejects prohibited identifier fields on create input (18.5344ms)
✔ M07 PPA-1 core — prior-period adjustment foundation (443.4702ms)
ℹ tests 10
ℹ suites 1
ℹ pass 10
ℹ fail 0
ℹ cancelled 0
ℹ skipped 0
ℹ todo 0
ℹ duration_ms 2787.5355
