▶ M07 PPA-1 integration — shell + real service + mounted section
  ✔ section-meta marks adjustments available with PPA-1 foundation wording (4.7847ms)
  ✔ StaffPayWorkspace mounts ConnectedAdjustmentsSection for adjustments (1.1663ms)
  ✔ empty repo mounts genuine empty wired register (12.7637ms)
  ✔ denied actor shows permission alert; no create affordance enabled path (2.0856ms)
  ✔ locked-source selector: ordinary+locked only; excludes adjustment; preserves IDs (54.9606ms)
  ✔ clinic-scoped selector excludes out-of-scope locked ordinary (11.3155ms)
  ✔ register/create/cancel via real service; mounts mapped cases; source unchanged; pins present (21.7785ms)
  ✔ create validation and payload fields required; idempotency preserved at service (10.055ms)
  ✔ cross-LE create fail-closed; Org B list empty for Org A source (13.1946ms)
  ✔ missing adjust permission denied at service; error state mountable (3.2248ms)
  ✔ unlock ≠ PPA; loading/empty/error states covered; no decorative calc/export actions (13.8901ms)
✔ M07 PPA-1 integration — shell + real service + mounted section (151.4856ms)
ℹ tests 11
ℹ suites 1
ℹ pass 11
ℹ fail 0
ℹ cancelled 0
ℹ skipped 0
ℹ todo 0
ℹ duration_ms 1200.503
